../Core/Src/main.c:84:5:main	8	static
../Core/Src/main.c:144:6:SystemClock_Config	88	static
../Core/Src/main.c:192:13:MX_USART2_UART_Init	8	static
../Core/Src/main.c:225:13:MX_GPIO_Init	48	static
../Core/Src/main.c:302:6:ActualizarLEDs1	16	static
../Core/Src/main.c:310:6:ActualizarLEDs2	16	static
../Core/Src/main.c:319:6:ActualizarGANADOR1	16	static
../Core/Src/main.c:326:6:ActualizarGANADOR2	16	static
../Core/Src/main.c:333:6:MostrarNumero	24	static
../Core/Src/main.c:385:6:HAL_GPIO_EXTI_Callback	16	static
../Core/Src/main.c:444:6:Error_Handler	4	static,ignoring_inline_asm
