../Core/Src/main.c:77:5:main	88	static
../Core/Src/main.c:162:6:SystemClock_Config	88	static
../Core/Src/main.c:210:13:MX_ADC1_Init	24	static
../Core/Src/main.c:271:13:MX_USART1_UART_Init	8	static
../Core/Src/main.c:304:13:MX_USART2_UART_Init	8	static
../Core/Src/main.c:335:13:MX_DMA_Init	16	static
../Core/Src/main.c:353:13:MX_GPIO_Init	48	static
../Core/Src/main.c:388:6:HAL_ADC_ConvCpltCallback	16	static
../Core/Src/main.c:391:6:HAL_UART_RxCpltCallback	72	static
../Core/Src/main.c:441:6:Error_Handler	4	static,ignoring_inline_asm
