../Core/Src/main.c:167:6:noTone	4	static
../Core/Src/main.c:170:5:presForFrequency	16	static
../Core/Src/main.c:176:6:playTone	40	static
../Core/Src/main.c:196:6:uart_print	16	static
../Core/Src/main.c:200:6:uart_read_char	16	static
../Core/Src/main.c:206:6:show_menu	8	static
../Core/Src/main.c:212:6:generarSin	16	static
../Core/Src/main.c:218:5:calcularARR	24	static
../Core/Src/main.c:224:6:startDAC	16	static
../Core/Src/main.c:228:6:stopDAC	8	static
../Core/Src/main.c:233:6:playToneDAC	40	static
../Core/Src/main.c:250:6:playBothPWM	48	static
../Core/Src/main.c:305:5:main	24	static
../Core/Src/main.c:383:6:SystemClock_Config	88	static
../Core/Src/main.c:431:13:MX_DAC_Init	16	static
../Core/Src/main.c:471:13:MX_TIM1_Init	96	static
../Core/Src/main.c:545:13:MX_TIM6_Init	16	static
../Core/Src/main.c:583:13:MX_USART2_UART_Init	8	static
../Core/Src/main.c:614:13:MX_DMA_Init	16	static
../Core/Src/main.c:632:13:MX_GPIO_Init	48	static
../Core/Src/main.c:674:6:Error_Handler	4	static,ignoring_inline_asm
